------------------------------------------------------------------------------------------------------------------------------------
      name:  <unnamed>
       log:  /Users/nix/Documents/GitHub/RA_Fall22/Logs/Replication_1.log
  log type:  text
 opened on:  26 Sep 2022, 02:27:04

. 
. /****** Loading the data ************/
. use Data/analy_malp_paper_9_22.dta, clear

. xtset stfips year // Declaring it as a Panel

Panel variable: stfips (strongly balanced)
 Time variable: year, 1998 to 2019
         Delta: 1 unit

. 
. /* Define locals controls, torts, atorts */
. local x pctpoverty unemp rpcinc

. local torts jsl pcap necap apology

. local atorts pcap necap apology

. 
. /****** Define variables as in Woldrige (2021) ************/
. 
. /* d=1 if recieve the treatment. */
. gen d = (!missing(FPA_FULL_YEAR))

. label variable d "=1 if treated"

. 
. /* p=1 if post-treatment time */
. gen p = (pre==0)

. label variable p "=1 if post-treatment period"

. 
. /* w=d*p */
. gen w= (d*p)

. label variable w "=1 if treated & in post-treatment period"

. 
. /* year indicators */
. qui tab year, gen(f)

. rename f# f#, renumber(1998) // starting year in 1998

. unab i_year : f1* f2*           // varlist of year indicators

. 
. /* treatment cohort indicators */
. qui tab FPA_FULL_YEAR, gen(c)

. unab cohort : c*                        // varlist of cohort indicators

. 
. /* replacing missing values */
. foreach v of varlist c* {
  2.     qui replace `v' = 0 if `v' == .
  3. }

. 
. 
. /* Generate demeaned variables
> Generate new variables centered around cohort means
> Note to self:   THIS MUST BE DONE OVER CONSTANT VARIABLES !!! 
>                                 That is the reason I had a problem with my attemp. 
>                                 I was incluing a linear combination of the controls!!!!!!!!!
>                                 As a result the algorithm was not converging 
> 
> forvalues i = 1/14 {
>                 local x_dm`i'
>                 local y "x_dm`i'"
>                 foreach v in `x' {
>                         sum `v' if c`i'
>                         gen `v'_dm`i' = `v' - r(mean)
>                         label variable `v'_dm`i' "`v' demeaned at cohort `i'"
>                         local `y' `x_dm`i'' `v'_dm`i'
>                 }
> }
> 
> */
. 
. **# Main model - Poisson staggered entry case
. 
. /*  Estimate de model  
> The first set of regresors are interactions between treatment,cohort and post-treatment indicators;
> The second set of regresors are the interactions between treatment,cohort,post-treatment and controls centered around cohort means
>  (CONSTANT CONTROLS) indicators;
> The third set of regressors are indicators for year, cohort and interactions between year, cohort and controls.
> */
. 
. qui poisson malp_np i.w#c.c1#c.f1998-f2019 i.w#c.c2#c.f2000-f2019 i.w#c.c3#c.f2005-f2019 ///
>                                 i.w#c.c4#c.f2006-f2019 i.w#c.c5#c.f2010-f2019 i.w#c.c6#c.f2011-f2019 ///
>                                 i.w#c.c7#c.f2012-f2019 i.w#c.c8#c.f2013-f2019 i.w#c.c9#c.f2014-f2019 ///
>                                 i.w#c.c10#c.f2015-f2019 i.w#c.c11#c.f2016-f2019 i.w#c.c12#c.f2018-f2019 i.w#c.c13#c.f2019 ///
>                                 `i_year' c.`i_year'#c.`x' ///
>                                 `cohort' `x' c.c*#c.`x' , noomitted vce(cluster stfips)

. estimates store model1

.                                 /*      To include if we have constant controls over time
>                                 ///
>                                 w#c.c1#c.f1998-f2019#c.`x_dm1' w#c.c2#c.f2000-f2019#c.`x_dm2' ///
>                                 w#c.c3#c.f2005-f2019#c.`x_dm3' w#c.c4#c.f2006-f2019#c.`x_dm4' /// 
>                                 w#c.c5#c.f2010-f2019#c.`x_dm5' w#c.c6#c.f2011-f2019#c.`x_dm6' /// 
>                                 w#c.c7#c.f2012-f2019#c.`x_dm7' w#c.c8#c.f2013-f2019#c.`x_dm8' ///
>                                 w#c.c9#c.f2014-f2019#c.`x_dm9' w#c.c10#c.f2015-f2019#c.`x_dm10' ///
>                                 w#c.c11#c.f2016-f2019#c.`x_dm11' w#c.c12#c.f2018-f2019#c.`x_dm12'/// 
>                                 w#c.c13#c.f2019#c.`x_dm13' ///
>                                 */
.                                 
. **# ATT 
. /* To obtain ATTs using margins.
> 
> As in CS (2021) and Sun and Abraham (2021), the treatment effects to identify are the ATTs in periods 
> where the cohorts are actually subjected to the intervention. <- ATT come from pooled Poisson.->
> 
> We have to include w explicitly. Also, have to 
> set the cohort (c*)and year (i_year) indicators  accordingly
> 
> The following is the example provided by Wooldrige. Using Margins after possion 
> estimates the ATT at the cohort q in time t.
> 
> margins, dydx(w) at(d4 = 1 d5 = 0 d6 = 0 f02 = 0 f03 = 0 f04 = 1 f05 = 0 f06 = 0) ///
>         subpop(if d4 == 1) noestimcheck vce(uncond)
> margins, dydx(w) at(d4 = 1 d5 = 0 d6 = 0 f02 = 0 f03 = 0 f04 = 0 f05 = 1 f06 = 0) ///
>         subpop(if d4 == 1) noestimcheck vce(uncond)  
> margins, dydx(w) at(d4 = 1 d5 = 0 d6 = 0 f02 = 0 f03 = 0 f04 = 0 f05 = 0 f06 = 1) ///
>         subpop(if d4 == 1) noestimcheck vce(uncond) 
> margins, dydx(w) at(d4 = 0 d5 = 1 d6 = 0 f02 = 0 f03 = 0 f04 = 0 f05 = 1 f06 = 0) ///
>         subpop(if d5 == 1) noestimcheck vce(uncond)
> margins, dydx(w) at(d4 = 0 d5 = 1 d6 = 0 f02 = 0 f03 = 0 f04 = 0 f05 = 0 f06 = 1) ///
>         subpop(if d5 == 1) noestimcheck vce(uncond) 
> margins, dydx(w) at(d4 = 0 d5 = 0 d6 = 1 f02 = 0 f03 = 0 f04 = 0 f05 = 0 f06 = 1) ///
>         subpop(if d6 == 1) noestimcheck vce(uncond)
>         
> I tried to approach this ATT in a iterative way 
> to get reproducible results. 
> 
> In a simpler way I generate some inteactions for the cohort q in time t and indclude those in the model. 
> See next chunk. 
> */
. 
. * Generate  the interactions
. numlist "1/14"

. local y1 = "`r(numlist)'"

. 
. local n : word count `y1'

. levelsof FPA_FULL_YEAR, local(y2)
1998 2000 2005 2006 2010 2011 2012 2013 2014 2015 2016 2018 2019 2021

. 
.  forvalues i = 1/`n' {
  2.       local a : word `i' of `y1'
  3.       local b : word `i' of `y2'
  4.           forvalues j = `b'/2019{
  5.                 qui gen c`a'f`j' = c`a'*f`j'
  6.                 qui label variable c`a'f`j' "Cohort `a'"
  7.           }
  8.    }

. 
. * Estimate the model
. qui poisson malp_np i.c1f* i.c2f* i.c3f* i.c4f* i.c5f* i.c6f* i.c7f* i.c8f* i.c9f* i.c10f* i.c11f* i.c12f* i.c13f* `i_year' ///
>                                         c.`i_year'#c.`x' `cohort' `x' c.c*#c.`x' , noomitted vce(cluster stfips)

.                                         /* To include if we have constant controls over time
>                                         i.c1f*#c.x_dm1 i.c2f*#c.x_dm3 i.c3f*#c.x_dm3 .... and so on for the demeaned variables
>                                         */
. estimates store model2 //store the estimates

. 
. * Example How to get the ATT at cohort 13 at time 2019
.         estimates restore model2
(results model2 are active now)

.         margins, dydx(1.c13f2019) subpop(if c13f2019== 1)  noestimcheck vce(uncond)     
warning: prediction constant over observations.

Average marginal effects                               Number of obs   = 1,122
                                                       Subpop. no. obs =     1

Expression: Predicted number of events, predict()
dy/dx wrt:  1.c13f2019

                                (Std. err. adjusted for 51 clusters in stfips)
------------------------------------------------------------------------------
             |            Unconditional
             |      dy/dx   std. err.      z    P>|z|     [95% conf. interval]
-------------+----------------------------------------------------------------
    c13f2019 |
          0  |          0  (empty)
          1  |   -.904258   .2178977    -4.15   0.000     -1.33133   -.4771863
------------------------------------------------------------------------------
Note: dy/dx for factor levels is the discrete change from the base level.

.         margins, eydx(1.c13f2019) subpop(if c13f2019== 1)  noestimcheck vce(uncond)     
warning: prediction constant over observations.

Average marginal effects                               Number of obs   = 1,122
                                                       Subpop. no. obs =     1

Expression: Predicted number of events, predict()
ey/dx wrt:  1.c13f2019

                                (Std. err. adjusted for 51 clusters in stfips)
------------------------------------------------------------------------------
             |            Unconditional
             |      ey/dx   std. err.      z    P>|z|     [95% conf. interval]
-------------+----------------------------------------------------------------
    c13f2019 |
          0  |          0  (empty)
          1  |  -16.29673   1.036403   -15.72   0.000    -18.32804   -14.26542
------------------------------------------------------------------------------
Note: ey/dx for factor levels is the discrete change from the base level.

. *       scalar tau13_2019 = _b[1.c13f2019]
. *       di "tau13_2019 " tau13_2019
. 
. /*      * Iterative approach to get the ATT over all cohorts and post-treatment period.
> */
. 
. /* Average Marginal Effect */
. numlist "1/14"

. local y1 = "`r(numlist)'"

. local n : word count `y1'

. levelsof FPA_FULL_YEAR, local(y2)
1998 2000 2005 2006 2010 2011 2012 2013 2014 2015 2016 2018 2019 2021

. postfile DyDx_mlp cohort time b se z pvalue ll ul using DyDx_mlp, replace 

.  forvalues i = 1/`n' {
  2.       local a : word `i' of `y1'
  3.       local b : word `i' of `y2'
  4.           di "Estimating Average Marginal Effects - Cohort `a'" _cont
  5.           forvalues j = `b'/2019{
  6.                 qui estimates restore model2
  7.                 qui margins, dydx(1.c`a'f`j') subpop(if c`a'f`j'== 1) noestimcheck vce(uncond)
  8.                 local b = r(table)[1,2]
  9.                 local se = r(table)[2,2]
 10.                 local z = r(table)[3,2]
 11.                 local pvalue = r(table)[4,2]
 12.                 local ll = r(table)[5,2]
 13.                 local ul = r(table)[6,2]
 14.                 post DyDx_mlp (`a') (`j') (`b') (`se') (`z') (`pvalue') (`ll') (`ul')
 15.                 di "." _cont
 16.           }
 17.                 noi di _dup(10) "." _cont
 18.                 di "Done" _cont         
 19.                 noi di _dup(1) "!"
 20.    }
Estimating Average Marginal Effects - Cohort 1................................Done!
Estimating Average Marginal Effects - Cohort 2..............................Done!
Estimating Average Marginal Effects - Cohort 3.........................Done!
Estimating Average Marginal Effects - Cohort 4........................Done!
Estimating Average Marginal Effects - Cohort 5....................Done!
Estimating Average Marginal Effects - Cohort 6...................Done!
Estimating Average Marginal Effects - Cohort 7..................Done!
Estimating Average Marginal Effects - Cohort 8.................Done!
Estimating Average Marginal Effects - Cohort 9................Done!
Estimating Average Marginal Effects - Cohort 10...............Done!
Estimating Average Marginal Effects - Cohort 11..............Done!
Estimating Average Marginal Effects - Cohort 12............Done!
Estimating Average Marginal Effects - Cohort 13...........Done!
Estimating Average Marginal Effects - Cohort 14..........Done!

. postclose DyDx_mlp

. 
. 
. /* Semi Elasticity */
. numlist "1/14"

. local y1 = "`r(numlist)'"

. local n : word count `y1'

. levelsof FPA_FULL_YEAR, local(y2)
1998 2000 2005 2006 2010 2011 2012 2013 2014 2015 2016 2018 2019 2021

. postfile EyDx_mlp cohort time b se z pvalue ll ul using EyDx_mlp, replace 

.  forvalues i = 1/`n' {
  2.       local a : word `i' of `y1'
  3.       local b : word `i' of `y2'
  4.           di "Estimating Predicted Number of Events - Cohort `a'" _cont
  5.           forvalues j = `b'/2019{
  6.                 qui estimates restore model2
  7.                 qui margins, eydx(1.c`a'f`j') subpop(if c`a'f`j'== 1) noestimcheck vce(uncond)
  8.                 local b = r(table)[1,2]
  9.                 local se = r(table)[2,2]
 10.                 local z = r(table)[3,2]
 11.                 local pvalue = r(table)[4,2]
 12.                 local ll = r(table)[5,2]
 13.                 local ul = r(table)[6,2]
 14.                 post EyDx_mlp (`a') (`j') (`b') (`se') (`z') (`pvalue') (`ll') (`ul')
 15.                 di "." _cont
 16.           }
 17.                 noi di _dup(10) "." _cont
 18.                 di "Done" _cont         
 19.                 noi di _dup(1) "!"
 20.    }
Estimating Predicted Number of Events - Cohort 1................................Done!
Estimating Predicted Number of Events - Cohort 2..............................Done!
Estimating Predicted Number of Events - Cohort 3.........................Done!
Estimating Predicted Number of Events - Cohort 4........................Done!
Estimating Predicted Number of Events - Cohort 5....................Done!
Estimating Predicted Number of Events - Cohort 6...................Done!
Estimating Predicted Number of Events - Cohort 7..................Done!
Estimating Predicted Number of Events - Cohort 8.................Done!
Estimating Predicted Number of Events - Cohort 9................Done!
Estimating Predicted Number of Events - Cohort 10...............Done!
Estimating Predicted Number of Events - Cohort 11..............Done!
Estimating Predicted Number of Events - Cohort 12............Done!
Estimating Predicted Number of Events - Cohort 13...........Done!
Estimating Predicted Number of Events - Cohort 14..........Done!

. postclose EyDx_mlp

. 
. 
.    
. 
end of do-file

. do "/var/folders/tx/9m9gq4210pj2kq5_gq_p7b0w0000gn/T//SD53382.000000"

. *--------------------------------------------------------------------------------------------
. *------------------------- Estimate the model DEP VAR: mlp_phy *------------------------------
. *--------------------------------------------------------------------------------------------
. qui poisson malp_phy i.c1f* i.c2f* i.c3f* i.c4f* i.c5f* i.c6f* i.c7f* i.c8f* i.c9f* i.c10f* i.c11f* i.c12f* i.c13f* `i_year' ///
>                                         c.`i_year'#c.`x' `cohort' `x' c.c*#c.`x' , noomitted vce(cluster stfips)
variable malp_phy not found
r(111);

end of do-file

r(111);

. do "/var/folders/tx/9m9gq4210pj2kq5_gq_p7b0w0000gn/T//SD53382.000000"

. *--------------------------------------------------------------------------------------------
. *------------------------- Estimate the model DEP VAR: mlp_phy *------------------------------
. *--------------------------------------------------------------------------------------------
. qui poisson malp_phys i.c1f* i.c2f* i.c3f* i.c4f* i.c5f* i.c6f* i.c7f* i.c8f* i.c9f* i.c10f* i.c11f* i.c12f* i.c13f* `i_year' ///
>                                         c.`i_year'#c.`x' `cohort' `x' c.c*#c.`x' , noomitted vce(cluster stfips)
# invalid name
r(198);

end of do-file

r(198);

. do "/var/folders/tx/9m9gq4210pj2kq5_gq_p7b0w0000gn/T//SD53382.000000"

. /****** Loading the data ************/
. use Data/analy_malp_paper_9_22.dta, clear

. xtset stfips year // Declaring it as a Panel

Panel variable: stfips (strongly balanced)
 Time variable: year, 1998 to 2019
         Delta: 1 unit

. 
. /* Define locals controls, torts, atorts */
. local x pctpoverty unemp rpcinc

. local torts jsl pcap necap apology

. local atorts pcap necap apology

. 
. /****** Define variables as in Woldrige (2021) ************/
. 
. /* d=1 if recieve the treatment. */
. gen d = (!missing(FPA_FULL_YEAR))

. label variable d "=1 if treated"

. 
. /* p=1 if post-treatment time */
. gen p = (pre==0)

. label variable p "=1 if post-treatment period"

. 
. /* w=d*p */
. gen w= (d*p)

. label variable w "=1 if treated & in post-treatment period"

. 
. /* year indicators */
. qui tab year, gen(f)

. rename f# f#, renumber(1998) // starting year in 1998

. unab i_year : f1* f2*           // varlist of year indicators

. 
. /* treatment cohort indicators */
. qui tab FPA_FULL_YEAR, gen(c)

. unab cohort : c*                        // varlist of cohort indicators

. 
. /* replacing missing values */
. foreach v of varlist c* {
  2.     qui replace `v' = 0 if `v' == .
  3. }

. 
. 
. /* Generate demeaned variables
> Generate new variables centered around cohort means
> Note to self:   THIS MUST BE DONE OVER CONSTANT VARIABLES !!! 
>                                 That is the reason I had a problem with my attemp. 
>                                 I was incluing a linear combination of the controls!!!!!!!!!
>                                 As a result the algorithm was not converging 
> 
> forvalues i = 1/14 {
>                 local x_dm`i'
>                 local y "x_dm`i'"
>                 foreach v in `x' {
>                         sum `v' if c`i'
>                         gen `v'_dm`i' = `v' - r(mean)
>                         label variable `v'_dm`i' "`v' demeaned at cohort `i'"
>                         local `y' `x_dm`i'' `v'_dm`i'
>                 }
> }
> 
> */
. 
. **# Main model - Poisson staggered entry case
. 
. /*  Estimate de model  
> The first set of regresors are interactions between treatment,cohort and post-treatment indicators;
> The second set of regresors are the interactions between treatment,cohort,post-treatment and controls centered around cohort means
>  (CONSTANT CONTROLS) indicators;
> The third set of regressors are indicators for year, cohort and interactions between year, cohort and controls.
> */
. 
. qui poisson malp_np i.w#c.c1#c.f1998-f2019 i.w#c.c2#c.f2000-f2019 i.w#c.c3#c.f2005-f2019 ///
>                                 i.w#c.c4#c.f2006-f2019 i.w#c.c5#c.f2010-f2019 i.w#c.c6#c.f2011-f2019 ///
>                                 i.w#c.c7#c.f2012-f2019 i.w#c.c8#c.f2013-f2019 i.w#c.c9#c.f2014-f2019 ///
>                                 i.w#c.c10#c.f2015-f2019 i.w#c.c11#c.f2016-f2019 i.w#c.c12#c.f2018-f2019 i.w#c.c13#c.f2019 ///
>                                 `i_year' c.`i_year'#c.`x' ///
>                                 `cohort' `x' c.c*#c.`x' , noomitted vce(cluster stfips)

. estimates store model1

.                                 /*      To include if we have constant controls over time
>                                 ///
>                                 w#c.c1#c.f1998-f2019#c.`x_dm1' w#c.c2#c.f2000-f2019#c.`x_dm2' ///
>                                 w#c.c3#c.f2005-f2019#c.`x_dm3' w#c.c4#c.f2006-f2019#c.`x_dm4' /// 
>                                 w#c.c5#c.f2010-f2019#c.`x_dm5' w#c.c6#c.f2011-f2019#c.`x_dm6' /// 
>                                 w#c.c7#c.f2012-f2019#c.`x_dm7' w#c.c8#c.f2013-f2019#c.`x_dm8' ///
>                                 w#c.c9#c.f2014-f2019#c.`x_dm9' w#c.c10#c.f2015-f2019#c.`x_dm10' ///
>                                 w#c.c11#c.f2016-f2019#c.`x_dm11' w#c.c12#c.f2018-f2019#c.`x_dm12'/// 
>                                 w#c.c13#c.f2019#c.`x_dm13' ///
>                                 */
.                                 
. **# ATT 
. /* To obtain ATTs using margins.
> 
> As in CS (2021) and Sun and Abraham (2021), the treatment effects to identify are the ATTs in periods 
> where the cohorts are actually subjected to the intervention. <- ATT come from pooled Poisson.->
> 
> We have to include w explicitly. Also, have to 
> set the cohort (c*)and year (i_year) indicators  accordingly
> 
> The following is the example provided by Wooldrige. Using Margins after possion 
> estimates the ATT at the cohort q in time t.
> 
> margins, dydx(w) at(d4 = 1 d5 = 0 d6 = 0 f02 = 0 f03 = 0 f04 = 1 f05 = 0 f06 = 0) ///
>         subpop(if d4 == 1) noestimcheck vce(uncond)
> margins, dydx(w) at(d4 = 1 d5 = 0 d6 = 0 f02 = 0 f03 = 0 f04 = 0 f05 = 1 f06 = 0) ///
>         subpop(if d4 == 1) noestimcheck vce(uncond)  
> margins, dydx(w) at(d4 = 1 d5 = 0 d6 = 0 f02 = 0 f03 = 0 f04 = 0 f05 = 0 f06 = 1) ///
>         subpop(if d4 == 1) noestimcheck vce(uncond) 
> margins, dydx(w) at(d4 = 0 d5 = 1 d6 = 0 f02 = 0 f03 = 0 f04 = 0 f05 = 1 f06 = 0) ///
>         subpop(if d5 == 1) noestimcheck vce(uncond)
> margins, dydx(w) at(d4 = 0 d5 = 1 d6 = 0 f02 = 0 f03 = 0 f04 = 0 f05 = 0 f06 = 1) ///
>         subpop(if d5 == 1) noestimcheck vce(uncond) 
> margins, dydx(w) at(d4 = 0 d5 = 0 d6 = 1 f02 = 0 f03 = 0 f04 = 0 f05 = 0 f06 = 1) ///
>         subpop(if d6 == 1) noestimcheck vce(uncond)
>         
> I tried to approach this ATT in a iterative way 
> to get reproducible results. 
> 
> In a simpler way I generate some inteactions for the cohort q in time t and indclude those in the model. 
> See next chunk. 
> */
. 
. * Generate  the interactions
. numlist "1/14"

. local y1 = "`r(numlist)'"

. 
. local n : word count `y1'

. levelsof FPA_FULL_YEAR, local(y2)
1998 2000 2005 2006 2010 2011 2012 2013 2014 2015 2016 2018 2019 2021

. 
.  forvalues i = 1/`n' {
  2.       local a : word `i' of `y1'
  3.       local b : word `i' of `y2'
  4.           forvalues j = `b'/2019{
  5.                 qui gen c`a'f`j' = c`a'*f`j'
  6.                 qui label variable c`a'f`j' "Cohort `a'"
  7.           }
  8.    }

. 
. *--------------------------------------------------------------------------------------------
. *------------------------- Estimate the model DEP VAR: mlp_np *------------------------------
. *--------------------------------------------------------------------------------------------
. qui poisson malp_np i.c1f* i.c2f* i.c3f* i.c4f* i.c5f* i.c6f* i.c7f* i.c8f* i.c9f* i.c10f* i.c11f* i.c12f* i.c13f* `i_year' ///
>                                         c.`i_year'#c.`x' `cohort' `x' c.c*#c.`x' , noomitted vce(cluster stfips)

.                                         /* To include if we have constant controls over time
>                                         i.c1f*#c.x_dm1 i.c2f*#c.x_dm3 i.c3f*#c.x_dm3 .... and so on for the demeaned variables
>                                         */
. estimates store model2 //store the estimates

. 
. * Example How to get the ATT at cohort 13 at time 2019
.         estimates restore model2
(results model2 are active now)

.         margins, dydx(1.c13f2019) subpop(if c13f2019== 1)  noestimcheck vce(uncond)     
warning: prediction constant over observations.

Average marginal effects                               Number of obs   = 1,122
                                                       Subpop. no. obs =     1

Expression: Predicted number of events, predict()
dy/dx wrt:  1.c13f2019

                                (Std. err. adjusted for 51 clusters in stfips)
------------------------------------------------------------------------------
             |            Unconditional
             |      dy/dx   std. err.      z    P>|z|     [95% conf. interval]
-------------+----------------------------------------------------------------
    c13f2019 |
          0  |          0  (empty)
          1  |   -.904258   .2178977    -4.15   0.000     -1.33133   -.4771863
------------------------------------------------------------------------------
Note: dy/dx for factor levels is the discrete change from the base level.

.         margins, eydx(1.c13f2019) subpop(if c13f2019== 1)  noestimcheck vce(uncond)     
warning: prediction constant over observations.

Average marginal effects                               Number of obs   = 1,122
                                                       Subpop. no. obs =     1

Expression: Predicted number of events, predict()
ey/dx wrt:  1.c13f2019

                                (Std. err. adjusted for 51 clusters in stfips)
------------------------------------------------------------------------------
             |            Unconditional
             |      ey/dx   std. err.      z    P>|z|     [95% conf. interval]
-------------+----------------------------------------------------------------
    c13f2019 |
          0  |          0  (empty)
          1  |  -16.29673   1.036403   -15.72   0.000    -18.32804   -14.26542
------------------------------------------------------------------------------
Note: ey/dx for factor levels is the discrete change from the base level.

. *       scalar tau13_2019 = _b[1.c13f2019]
. *       di "tau13_2019 " tau13_2019
. 
. /*      * Iterative approach to get the ATT over all cohorts and post-treatment period.
> */
. 
. /* Average Marginal Effect */
. numlist "1/14"

. local y1 = "`r(numlist)'"

. local n : word count `y1'

. levelsof FPA_FULL_YEAR, local(y2)
1998 2000 2005 2006 2010 2011 2012 2013 2014 2015 2016 2018 2019 2021

. postfile DyDx_mlp cohort time b se z pvalue ll ul using DyDx_mlp, replace 

.  forvalues i = 1/`n' {
  2.       local a : word `i' of `y1'
  3.       local b : word `i' of `y2'
  4.           di "Estimating Average Marginal Effects - Cohort `a'" _cont
  5.           forvalues j = `b'/2019{
  6.                 qui estimates restore model2
  7.                 qui margins, dydx(1.c`a'f`j') subpop(if c`a'f`j'== 1) noestimcheck vce(uncond)
  8.                 local b = r(table)[1,2]
  9.                 local se = r(table)[2,2]
 10.                 local z = r(table)[3,2]
 11.                 local pvalue = r(table)[4,2]
 12.                 local ll = r(table)[5,2]
 13.                 local ul = r(table)[6,2]
 14.                 post DyDx_mlp (`a') (`j') (`b') (`se') (`z') (`pvalue') (`ll') (`ul')
 15.                 di "." _cont
 16.           }
 17.                 noi di _dup(10) "." _cont
 18.                 di "Done" _cont         
 19.                 noi di _dup(1) "!"
 20.    }
Estimating Average Marginal Effects - Cohort 1................................Done!
Estimating Average Marginal Effects - Cohort 2..............................Done!
Estimating Average Marginal Effects - Cohort 3.........................Done!
Estimating Average Marginal Effects - Cohort 4........................Done!
Estimating Average Marginal Effects - Cohort 5....................Done!
Estimating Average Marginal Effects - Cohort 6...................Done!
Estimating Average Marginal Effects - Cohort 7..................Done!
Estimating Average Marginal Effects - Cohort 8.................Done!
Estimating Average Marginal Effects - Cohort 9................Done!
Estimating Average Marginal Effects - Cohort 10...............Done!
Estimating Average Marginal Effects - Cohort 11..............Done!
Estimating Average Marginal Effects - Cohort 12............Done!
Estimating Average Marginal Effects - Cohort 13...........Done!
Estimating Average Marginal Effects - Cohort 14..........Done!

. postclose DyDx_mlp

. 
. 
. /* Semi Elasticity */
. numlist "1/14"

. local y1 = "`r(numlist)'"

. local n : word count `y1'

. levelsof FPA_FULL_YEAR, local(y2)
1998 2000 2005 2006 2010 2011 2012 2013 2014 2015 2016 2018 2019 2021

. postfile EyDx_mlp cohort time b se z pvalue ll ul using EyDx_mlp, replace 

.  forvalues i = 1/`n' {
  2.       local a : word `i' of `y1'
  3.       local b : word `i' of `y2'
  4.           di "Estimating Predicted Number of Events - Cohort `a'" _cont
  5.           forvalues j = `b'/2019{
  6.                 qui estimates restore model2
  7.                 qui margins, eydx(1.c`a'f`j') subpop(if c`a'f`j'== 1) noestimcheck vce(uncond)
  8.                 local b = r(table)[1,2]
  9.                 local se = r(table)[2,2]
 10.                 local z = r(table)[3,2]
 11.                 local pvalue = r(table)[4,2]
 12.                 local ll = r(table)[5,2]
 13.                 local ul = r(table)[6,2]
 14.                 post EyDx_mlp (`a') (`j') (`b') (`se') (`z') (`pvalue') (`ll') (`ul')
 15.                 di "." _cont
 16.           }
 17.                 noi di _dup(10) "." _cont
 18.                 di "Done" _cont         
 19.                 noi di _dup(1) "!"
 20.    }
Estimating Predicted Number of Events - Cohort 1................................Done!
Estimating Predicted Number of Events - Cohort 2..............................Done!
Estimating Predicted Number of Events - Cohort 3.........................Done!
Estimating Predicted Number of Events - Cohort 4........................Done!
Estimating Predicted Number of Events - Cohort 5....................Done!
Estimating Predicted Number of Events - Cohort 6...................Done!
Estimating Predicted Number of Events - Cohort 7..................Done!
Estimating Predicted Number of Events - Cohort 8.................Done!
Estimating Predicted Number of Events - Cohort 9................Done!
Estimating Predicted Number of Events - Cohort 10...............Done!
Estimating Predicted Number of Events - Cohort 11..............Done!
Estimating Predicted Number of Events - Cohort 12............Done!
Estimating Predicted Number of Events - Cohort 13...........Done!
Estimating Predicted Number of Events - Cohort 14..........Done!

. postclose EyDx_mlp

. 
. *--------------------------------------------------------------------------------------------
. *------------------------- Estimate the model DEP VAR: mlp_phy *------------------------------
. *--------------------------------------------------------------------------------------------
. qui poisson malp_phys i.c1f* i.c2f* i.c3f* i.c4f* i.c5f* i.c6f* i.c7f* i.c8f* i.c9f* i.c10f* i.c11f* i.c12f* i.c13f* `i_year' ///
>                                         c.`i_year'#c.`x' `cohort' `x' c.c*#c.`x' , noomitted vce(cluster stfips)

.                                         /* To include if we have constant controls over time
>                                         i.c1f*#c.x_dm1 i.c2f*#c.x_dm3 i.c3f*#c.x_dm3 .... and so on for the demeaned variables
>                                         */
. estimates store model3 //store the estimates

. 
. * Example How to get the ATT at cohort 13 at time 2019
.         estimates restore model3
(results model3 are active now)

.         margins, dydx(1.c13f2019) subpop(if c13f2019== 1)  noestimcheck vce(uncond)     
warning: prediction constant over observations.

Average marginal effects                               Number of obs   = 1,122
                                                       Subpop. no. obs =     1

Expression: Predicted number of events, predict()
dy/dx wrt:  1.c13f2019

                                (Std. err. adjusted for 51 clusters in stfips)
------------------------------------------------------------------------------
             |            Unconditional
             |      dy/dx   std. err.      z    P>|z|     [95% conf. interval]
-------------+----------------------------------------------------------------
    c13f2019 |
          0  |          0  (empty)
          1  |  -27.87452   9.142395    -3.05   0.002    -45.79328    -9.95575
------------------------------------------------------------------------------
Note: dy/dx for factor levels is the discrete change from the base level.

.         margins, eydx(1.c13f2019) subpop(if c13f2019== 1)  noestimcheck vce(uncond)     
warning: prediction constant over observations.

Average marginal effects                               Number of obs   = 1,122
                                                       Subpop. no. obs =     1

Expression: Predicted number of events, predict()
ey/dx wrt:  1.c13f2019

                                (Std. err. adjusted for 51 clusters in stfips)
------------------------------------------------------------------------------
             |            Unconditional
             |      ey/dx   std. err.      z    P>|z|     [95% conf. interval]
-------------+----------------------------------------------------------------
    c13f2019 |
          0  |          0  (empty)
          1  |  -1.008745    .208376    -4.84   0.000    -1.417154   -.6003355
------------------------------------------------------------------------------
Note: ey/dx for factor levels is the discrete change from the base level.

. *       scalar tau13_2019 = _b[1.c13f2019]
. *       di "tau13_2019 " tau13_2019
. 
. /*      * Iterative approach to get the ATT over all cohorts and post-treatment period.
> */
. 
. /* Average Marginal Effect */
. numlist "1/14"

. local y1 = "`r(numlist)'"

. local n : word count `y1'

. levelsof FPA_FULL_YEAR, local(y2)
1998 2000 2005 2006 2010 2011 2012 2013 2014 2015 2016 2018 2019 2021

. postfile DyDx_mlp_phys cohort time b se z pvalue ll ul using DyDx_mlp_phys, replace 
(file DyDx_mlp_phys.dta not found)

.  forvalues i = 1/`n' {
  2.       local a : word `i' of `y1'
  3.       local b : word `i' of `y2'
  4.           di "Estimating Average Marginal Effects - Cohort `a'" _cont
  5.           forvalues j = `b'/2019{
  6.                 qui estimates restore model3
  7.                 qui margins, dydx(1.c`a'f`j') subpop(if c`a'f`j'== 1) noestimcheck vce(uncond)
  8.                 local b = r(table)[1,2]
  9.                 local se = r(table)[2,2]
 10.                 local z = r(table)[3,2]
 11.                 local pvalue = r(table)[4,2]
 12.                 local ll = r(table)[5,2]
 13.                 local ul = r(table)[6,2]
 14.                 post DyDx_mlp_phys (`a') (`j') (`b') (`se') (`z') (`pvalue') (`ll') (`ul')
 15.                 di "." _cont
 16.           }
 17.                 noi di _dup(10) "." _cont
 18.                 di "Done" _cont         
 19.                 noi di _dup(1) "!"
 20.    }
Estimating Average Marginal Effects - Cohort 1................................Done!
Estimating Average Marginal Effects - Cohort 2..............................Done!
Estimating Average Marginal Effects - Cohort 3.........................Done!
Estimating Average Marginal Effects - Cohort 4........................Done!
Estimating Average Marginal Effects - Cohort 5....................Done!
Estimating Average Marginal Effects - Cohort 6...................Done!
Estimating Average Marginal Effects - Cohort 7..................Done!
Estimating Average Marginal Effects - Cohort 8.................Done!
Estimating Average Marginal Effects - Cohort 9................Done!
Estimating Average Marginal Effects - Cohort 10...............Done!
Estimating Average Marginal Effects - Cohort 11..............Done!
Estimating Average Marginal Effects - Cohort 12............Done!
Estimating Average Marginal Effects - Cohort 13...........Done!
Estimating Average Marginal Effects - Cohort 14..........Done!

. postclose DyDx_mlp_phys

. 
. 
. /* Semi Elasticity */
. numlist "1/14"

. local y1 = "`r(numlist)'"

. local n : word count `y1'

. levelsof FPA_FULL_YEAR, local(y2)
1998 2000 2005 2006 2010 2011 2012 2013 2014 2015 2016 2018 2019 2021

. postfile EyDx_mlp_phys cohort time b se z pvalue ll ul using EyDx_mlp_phys, replace 
(file EyDx_mlp_phys.dta not found)

.  forvalues i = 1/`n' {
  2.       local a : word `i' of `y1'
  3.       local b : word `i' of `y2'
  4.           di "Estimating Predicted Number of Events - Cohort `a'" _cont
  5.           forvalues j = `b'/2019{
  6.                 qui estimates restore model3
  7.                 qui margins, eydx(1.c`a'f`j') subpop(if c`a'f`j'== 1) noestimcheck vce(uncond)
  8.                 local b = r(table)[1,2]
  9.                 local se = r(table)[2,2]
 10.                 local z = r(table)[3,2]
 11.                 local pvalue = r(table)[4,2]
 12.                 local ll = r(table)[5,2]
 13.                 local ul = r(table)[6,2]
 14.                 post EyDx_mlp_phys (`a') (`j') (`b') (`se') (`z') (`pvalue') (`ll') (`ul')
 15.                 di "." _cont
 16.           }
 17.                 noi di _dup(10) "." _cont
 18.                 di "Done" _cont         
 19.                 noi di _dup(1) "!"
 20.    }
Estimating Predicted Number of Events - Cohort 1................................Done!
Estimating Predicted Number of Events - Cohort 2..............................Done!
Estimating Predicted Number of Events - Cohort 3.........................Done!
Estimating Predicted Number of Events - Cohort 4........................Done!
Estimating Predicted Number of Events - Cohort 5....................Done!
Estimating Predicted Number of Events - Cohort 6...................Done!
Estimating Predicted Number of Events - Cohort 7..................Done!
Estimating Predicted Number of Events - Cohort 8.................Done!
Estimating Predicted Number of Events - Cohort 9................Done!
Estimating Predicted Number of Events - Cohort 10...............Done!
Estimating Predicted Number of Events - Cohort 11..............Done!
Estimating Predicted Number of Events - Cohort 12............Done!
Estimating Predicted Number of Events - Cohort 13...........Done!
Estimating Predicted Number of Events - Cohort 14..........Done!

. postclose EyDx_mlp_phys

. 
end of do-file

. do "/var/folders/tx/9m9gq4210pj2kq5_gq_p7b0w0000gn/T//SD53382.000000"

. use AME_mlp, clear

. list

. 
end of do-file

. do "/var/folders/tx/9m9gq4210pj2kq5_gq_p7b0w0000gn/T//SD53382.000000"

. use DyDx_mlp, clear

. list

     +-------------------------------------------------------------------------------------+
     | cohort   time           b         se           z     pvalue          ll          ul |
     |-------------------------------------------------------------------------------------|
  1. |      1   1998    .4222547   .7080522    .5963609   .5509341   -.9655021    1.810012 |
  2. |      1   1999    .0308102   .9256647    .0332844   .9734478   -1.783459     1.84508 |
  3. |      1   2000   -.3011765   1.096606   -.2746442   .7835896   -2.450485    1.848132 |
  4. |      1   2001   -.0128351    1.63221   -.0078636   .9937258   -3.211907    3.186237 |
  5. |      1   2002   -.5331115   1.555141   -.3428059   .7317445   -3.581132    2.514909 |
     |-------------------------------------------------------------------------------------|
  6. |      1   2003   -.3302213   2.118869   -.1558479   .8761529   -4.483128    3.822685 |
  7. |      1   2004    .2666288   1.605504    .1660717   .8681005   -2.880102    3.413359 |
  8. |      1   2005    .3344642   2.057662    .1625457   .8708761    -3.69848    4.367409 |
  9. |      1   2006    1.244892   2.219791     .560815   .5749236   -3.105818    5.595603 |
 10. |      1   2007   -.2799484   2.147837   -.1303397   .8962977   -4.489632    3.929735 |
     |-------------------------------------------------------------------------------------|
 11. |      1   2008    .0845334   1.891561    .0446897   .9643546   -3.622858    3.791925 |
 12. |      1   2009    .0143997   2.121993    .0067859   .9945856    -4.14463    4.173429 |
 13. |      1   2010    .3162687   2.271487    .1392342   .8892651   -4.135765    4.768302 |
 14. |      1   2011    1.269356   2.678906    .4738338   .6356184   -3.981204    6.519917 |
 15. |      1   2012    .7008439   2.336666    .2999333    .764228   -3.878937    5.280624 |
     |-------------------------------------------------------------------------------------|
 16. |      1   2013    .6337229   2.842417    .2229521   .8235728   -4.937312    6.204758 |
 17. |      1   2014    .3480667   2.772526    .1255414    .900095   -5.085983    5.782117 |
 18. |      1   2015   -.5289879   3.325904   -.1590509   .8736288    -7.04764    5.989664 |
 19. |      1   2016   -.2688257   3.151851   -.0852914   .9320298    -6.44634    5.908689 |
 20. |      1   2017   -.1580089   2.929836    -.053931   .9569902   -5.900382    5.584364 |
     |-------------------------------------------------------------------------------------|
 21. |      1   2018   -.2133135   2.052586   -.1039243   .9172294   -4.236307     3.80968 |
 22. |      1   2019   -.1387909   .7999501   -.1734994   .8622589   -1.706664    1.429083 |
 23. |      2   2000    3.821264   .2958349    12.91688   3.62e-38    3.241438    4.401089 |
 24. |      2   2001    1.820107   .3034696    5.997659   2.00e-09    1.225318    2.414896 |
 25. |      2   2002   -.9355035   .5754905   -1.625576   .1040399   -2.063444    .1924371 |
     |-------------------------------------------------------------------------------------|
 26. |      2   2003    2.555029   .4954199      5.1573   2.51e-07    1.584024    3.526034 |
 27. |      2   2004    5.899071   .6111963    9.651681   4.84e-22    4.701149    7.096994 |
 28. |      2   2005   -3.010346   .7239775   -4.158066   .0000321   -4.429316   -1.591376 |
 29. |      2   2006   -.2369154    .498666   -.4750983   .6347169   -1.214283    .7404521 |
 30. |      2   2007   -.8098834   .7971145   -1.016019   .3096204   -2.372199    .7524323 |
     |-------------------------------------------------------------------------------------|
 31. |      2   2008    2.342351   .8419858    2.781937   .0054036    .6920893    3.992613 |
 32. |      2   2009   -2.551764   2.300172   -1.109379   .2672665   -7.060018    1.956491 |
 33. |      2   2010   -9.496866   5.072041   -1.872395   .0611519   -19.43788    .4441513 |
 34. |      2   2011   -23.31102    12.2521   -1.902614   .0570909   -47.32469    .7026546 |
 35. |      2   2012   -16.33041   9.358088   -1.745058   .0809747   -34.67192    2.011105 |
     |-------------------------------------------------------------------------------------|
 36. |      2   2013   -20.62283    10.0408   -2.053903   .0399851   -40.30244   -.9432181 |
 37. |      2   2014   -15.56258   9.311152   -1.671392   .0946443   -33.81211    2.686939 |
 38. |      2   2015   -14.12911   6.557276   -2.154723   .0311836   -26.98113   -1.277086 |
 39. |      2   2016   -2.792186   3.562492   -.7837732   .4331732   -9.774543     4.19017 |
 40. |      2   2017    6.350394   1.317591    4.819702   1.44e-06    3.767964    8.932824 |
     |-------------------------------------------------------------------------------------|
 41. |      2   2018   -2.124483   .6941531    -3.06054   .0022094   -3.484998   -.7639683 |
 42. |      2   2019    1.923108   .2607333    7.375768   1.63e-13     1.41208    2.434136 |
 43. |      3   2005    1.832007   .0599277    30.57028          0    1.714551    1.949463 |
 44. |      3   2006   -.2319495   .0635926   -3.647431   .0002649   -.3565886   -.1073104 |
 45. |      3   2007    1.489056   .1180087    12.61819   1.68e-36    1.257763    1.720349 |
     |-------------------------------------------------------------------------------------|
 46. |      3   2008   -.3627439    .080825   -4.488016   7.19e-06    -.521158   -.2043298 |
 47. |      3   2009   -.0730826   .0346134   -2.111394   .0347385   -.1409237   -.0052415 |
 48. |      3   2010     .972097   .0201893    48.14919          0    .9325268    1.011667 |
 49. |      3   2011   -.0161318   .0120075   -1.343476    .179118   -.0396661    .0074025 |
 50. |      3   2012     .976953   .0164233    59.48584          0    .9447639    1.009142 |
     |-------------------------------------------------------------------------------------|
 51. |      3   2013   -.0351487    .021763   -1.615064   .1062968   -.0778035    .0075061 |
 52. |      3   2014    .9325507   .0351641    26.51998          0    .8636304    1.001471 |
 53. |      3   2015    2.908017   .0420801    69.10672          0    2.825542    2.990493 |
 54. |      3   2016    .8181437   .0689592    11.86418   1.82e-32    .6829862    .9533012 |
 55. |      3   2017    3.625798   .0758243    47.81841          0    3.477185    3.774411 |
     |-------------------------------------------------------------------------------------|
 56. |      3   2018    .4263367   .1218059    3.500132    .000465    .1876015    .6650718 |
 57. |      3   2019   -.4278975   .1475442   -2.900131   .0037301   -.7170788   -.1387162 |
 58. |      4   2006   -9.917258   1.202795   -8.245174   1.65e-16   -12.27469   -7.559823 |
 59. |      4   2007   -8.495933   1.583017   -5.366923   8.01e-08   -11.59859   -5.393276 |
 60. |      4   2008    -7.14702   1.360875   -5.251785   1.51e-07   -9.814285   -4.479755 |
     |-------------------------------------------------------------------------------------|
 61. |      4   2009   -12.37367   2.980767   -4.151168   .0000331   -18.21586    -6.53147 |
 62. |      4   2010    -43.6069   9.314367   -4.681682   2.85e-06   -61.86273   -25.35108 |
 63. |      4   2011   -60.41721   16.45668   -3.671288   .0002413    -92.6717   -28.16271 |
 64. |      4   2012   -48.64977   12.26004   -3.968157   .0000724   -72.67901   -24.62053 |
 65. |      4   2013    -75.0844   21.29579   -3.525787   .0004222   -116.8234   -33.34543 |
     |-------------------------------------------------------------------------------------|
 66. |      4   2014   -36.33518   11.38397   -3.191786    .001414   -58.64734   -14.02301 |
 67. |      4   2015   -25.95548   4.773348   -5.437584   5.40e-08   -35.31107   -16.59989 |
 68. |      4   2016   -9.156668    2.35572   -3.886993   .0001015   -13.77379   -4.539541 |
 69. |      4   2017   -5.802921   1.972907   -2.941304   .0032683   -9.669748   -1.936093 |
 70. |      4   2018   -2.493305   .8737292   -2.853636   .0043222   -4.205783   -.7808275 |
     |-------------------------------------------------------------------------------------|
 71. |      4   2019   -.3070248   .4673699   -.6569204   .5112321   -1.223053    .6090033 |
 72. |      5   2010    .8748375   .0322494    27.12726          0    .8116298    .9380451 |
 73. |      5   2011    .9101194   .0260864    34.88866          0     .858991    .9612477 |
 74. |      5   2012   -.0991906   .0282521   -3.510915   .0004466   -.1545637   -.0438176 |
 75. |      5   2013     1.86121   .0340652    54.63674          0    1.794443    1.927977 |
     |-------------------------------------------------------------------------------------|
 76. |      5   2014   -.1343225   .0337751   -3.976967   .0000698   -.2005205   -.0681245 |
 77. |      5   2015    -.226454    .035146    -6.44323   1.17e-10    -.295339    -.157569 |
 78. |      5   2016    1.655449   .0452579     36.5781          0    1.566745    1.744153 |
 79. |      5   2017    .7271101   .0475125    15.30357          0    .6339875    .8202329 |
 80. |      5   2018   -.2422485   .0550835   -4.397841   .0000109   -.3502101   -.1342868 |
     |-------------------------------------------------------------------------------------|
 81. |      5   2019   -.1014116   .0425331   -2.384299   .0171117   -.1847748   -.0180483 |
 82. |      6   2011    .5185134   1.145129    .4527993   .6506933   -1.725898    2.762924 |
 83. |      6   2012    .7920188   1.929921    .4103892   .6815205   -2.990557    4.574595 |
 84. |      6   2013    -.504486   .9533193   -.5291889   .5966744   -2.372957    1.363986 |
 85. |      6   2014    .0643585   .7663585    .0839797   .9330726   -1.437677    1.566394 |
     |-------------------------------------------------------------------------------------|
 86. |      6   2015    .7780584   1.923518    .4044975   .6858469   -2.991968    4.548085 |
 87. |      6   2016    1.263361    2.12541    .5944081   .5522392   -2.902365    5.429087 |
 88. |      6   2017   -.4869904   .7982262   -.6100908   .5418017   -2.051485    1.077504 |
 89. |      6   2018   -.1950649   .4215693   -.4627114   .6435713   -1.021326    .6311957 |
 90. |      6   2019   -.0833082   .2805291   -.2969682   .7664908   -.6331351    .4665186 |
     |-------------------------------------------------------------------------------------|
 91. |      7   2012   -.3177534   .1203524   -2.640191   .0082859   -.5536398    -.081867 |
 92. |      7   2013   -.4633691   .1124453    -4.12084   .0000377   -.6837578   -.2429804 |
 93. |      7   2014   -.3504562   .0955584   -3.667454    .000245   -.5377473    -.163165 |
 94. |      7   2015    -.294258   .0587391   -5.009573   5.46e-07   -.4093846   -.1791314 |
 95. |      7   2016    1.759546   .0463354    37.97408          0     1.66873    1.850362 |
     |-------------------------------------------------------------------------------------|
 96. |      7   2017    .8576798    .033484    25.61461          0    .7920523    .9233072 |
 97. |      7   2018   -.1563389   .0407634   -3.835274   .0001254   -.2362337    -.076444 |
 98. |      7   2019   -.0592976   .0205611   -2.883965    .003927   -.0995967   -.0189985 |
 99. |      8   2013   -.3120981   .1620207   -1.926286   .0540687   -.6296528    .0054565 |
100. |      8   2014   -.2719151   .2059681   -1.320181   .1867747   -.6756052    .1317749 |
     |-------------------------------------------------------------------------------------|
101. |      8   2015    .5153738   .3113819    1.655118   .0979006   -.0949235    1.125671 |
102. |      8   2016   -1.387126   .2672593   -5.190189   2.10e-07   -1.910945   -.8633078 |
103. |      8   2017   -1.099108   .1936685     -5.6752   1.39e-08   -1.478691   -.7195244 |
104. |      8   2018    .2041979   .1961328    1.041121   .2978196   -.1802154    .5886112 |
105. |      8   2019   -.3371414   .0911997   -3.696737   .0002184   -.5158896   -.1583932 |
     |-------------------------------------------------------------------------------------|
106. |      9   2014     3.19748   .1685192    18.97398          0    2.867188    3.527771 |
107. |      9   2015    2.965445   .2334069    12.70504   5.54e-37    2.507976    3.422914 |
108. |      9   2016    .0077329   .2376053    .0325452   .9740373   -.4579649    .4734308 |
109. |      9   2017     2.16657   .1631563    13.27911          0     1.84679    2.486351 |
110. |      9   2018    .3563996   .1611483    2.211626   .0269926    .0405548    .6722444 |
     |-------------------------------------------------------------------------------------|
111. |      9   2019    .7278301   .0793113     9.17688   4.44e-20    .5723828    .8832773 |
112. |     10   2015   -3.950873   2.987228   -1.322588   .1859724   -9.805733    1.903987 |
113. |     10   2016   -3.401909   3.197699   -1.063861   .2873914   -9.669283    2.865466 |
114. |     10   2017   -2.125195   2.316147   -.9175564   .3588512   -6.664759    2.414369 |
115. |     10   2018   -.1385591   1.361252    -.101788    .918925   -2.806564    2.529446 |
     |-------------------------------------------------------------------------------------|
116. |     10   2019   -.5896382   .8183015   -.7205635   .4711781    -2.19348    1.014203 |
117. |     11   2016    .4394352   .4525611    .9709965     .33155   -.4475681    1.326439 |
118. |     11   2017    .2959653    .585916    .5051326   .6134657   -.8524089    1.444339 |
119. |     11   2018   -.3971978   .2666486   -1.489593   .1363312   -.9198194    .1254237 |
120. |     11   2019    .0591559   .2468393    .2396535   .8105989   -.4246402     .542952 |
     |-------------------------------------------------------------------------------------|
121. |     12   2018    1.289433   .3965216     3.25186   .0011465    .5122646    2.066601 |
122. |     12   2019   -.6948988   .3374099   -2.059509   .0394455    -1.35621   -.0335875 |
123. |     13   2019    -.904258   .2178977    -4.14992   .0000333    -1.33133   -.4771863 |
     +-------------------------------------------------------------------------------------+

. use DyDx_mlp_phys, clear

. list

     +-------------------------------------------------------------------------------------+
     | cohort   time           b         se           z     pvalue          ll          ul |
     |-------------------------------------------------------------------------------------|
  1. |      1   1998   -344.2084    983.406   -.3500166   .7263262   -2271.649    1583.232 |
  2. |      1   1999   -339.3787   913.8138   -.3713871   .7103492   -2130.421    1451.664 |
  3. |      1   2000    -355.893   870.1575   -.4089983   .6825409    -2061.37    1349.584 |
  4. |      1   2001    -296.631   770.0747   -.3851977   .7000909    -1805.95    1212.688 |
  5. |      1   2002   -255.0878   676.9839   -.3768004    .706322   -1581.952    1071.776 |
     |-------------------------------------------------------------------------------------|
  6. |      1   2003   -232.5726   633.6226   -.3670522   .7135801    -1474.45    1009.305 |
  7. |      1   2004   -235.3789   663.3173   -.3548511   .7227011   -1535.457    1064.699 |
  8. |      1   2005   -210.8055   621.3397   -.3392757    .734402   -1428.609    1006.998 |
  9. |      1   2006   -203.2725   589.9297   -.3445707   .7304172   -1359.514    952.9686 |
 10. |      1   2007   -219.7299   596.4545   -.3683934     .71258   -1388.759    949.2996 |
     |-------------------------------------------------------------------------------------|
 11. |      1   2008   -247.9509   649.0222   -.3820377   .7024334   -1520.011    1024.109 |
 12. |      1   2009   -179.7592   525.8707   -.3418316   .7324777   -1210.447    850.9284 |
 13. |      1   2010   -152.3504   501.8558   -.3035741   .7614524    -1135.97    831.2689 |
 14. |      1   2011   -158.7944   507.8327   -.3126903   .7545159   -1154.128    836.5394 |
 15. |      1   2012    -154.273   477.9418   -.3227861   .7468573   -1091.022    782.4758 |
     |-------------------------------------------------------------------------------------|
 16. |      1   2013   -134.4408    445.756   -.3016019   .7629556   -1008.107    739.2249 |
 17. |      1   2014   -124.0536   396.7426   -.3126804   .7545235   -901.6548    653.5476 |
 18. |      1   2015   -163.8396   472.9708   -.3464054   .7290381   -1090.845    763.1661 |
 19. |      1   2016   -145.2523    420.467   -.3454548   .7297525   -969.3526    678.8479 |
 20. |      1   2017   -114.1758   305.8345   -.3733253   .7089064   -713.6005    485.2489 |
     |-------------------------------------------------------------------------------------|
 21. |      1   2018   -72.53695   191.5101    -.378763   .7048639   -447.8899     302.816 |
 22. |      1   2019    -36.7326   87.21945   -.4211515   .6736444   -207.6796    134.2144 |
 23. |      2   2000    49.75308   15.21632    3.269718   .0010765    19.92964    79.57652 |
 24. |      2   2001    16.29828   15.65998     1.04076    .297987   -14.39472    46.99127 |
 25. |      2   2002   -46.28618   21.76131   -2.126994   .0334206   -88.93757   -3.634791 |
     |-------------------------------------------------------------------------------------|
 26. |      2   2003    22.00742   17.58582     1.25143   .2107776   -12.46015    56.47499 |
 27. |      2   2004   -25.30806    22.1354    -1.14333   .2529018   -68.69263    18.07653 |
 28. |      2   2005    10.17489   26.97233    .3772341   .7059996   -42.68992    63.03969 |
 29. |      2   2006   -16.87925   20.41559   -.8267824   .4083604   -56.89308    23.13457 |
 30. |      2   2007   -8.553212   22.14804   -.3861836   .6993607   -51.96258    34.85616 |
     |-------------------------------------------------------------------------------------|
 31. |      2   2008   -2.722672   29.76961   -.0914581   .9271286   -61.07004     55.6247 |
 32. |      2   2009   -97.69927   60.41183   -1.617221   .1058307   -216.1043    20.70575 |
 33. |      2   2010    -101.275   72.08655   -1.404908   .1600485    -242.562    40.01204 |
 34. |      2   2011   -120.2721   82.12817   -1.464443   .1430728   -281.2403     40.6962 |
 35. |      2   2012   -66.96434   57.63053   -1.161959   .2452519   -179.9181    45.98943 |
     |-------------------------------------------------------------------------------------|
 36. |      2   2013   -50.82221   55.84652   -.9100338   .3628047   -160.2794    58.63494 |
 37. |      2   2014   -44.43439   51.79968    -.857812   .3909962   -145.9599    57.09111 |
 38. |      2   2015   -69.38725   55.10722   -1.259132   .2079828   -177.3954    38.62093 |
 39. |      2   2016   -22.68869   34.33306   -.6608409   .5087143   -89.98026    44.60287 |
 40. |      2   2017   -11.40376   17.09025   -.6672674   .5046013   -44.90003     22.0925 |
     |-------------------------------------------------------------------------------------|
 41. |      2   2018   -6.173728     11.281    -.547268   .5841947   -28.28407    15.93662 |
 42. |      2   2019   -.7721144   6.166039   -.1252205    .900349   -12.85733     11.3131 |
 43. |      3   2005    7.599593   5.708531    1.331269   .1831004   -3.588923    18.78811 |
 44. |      3   2006    1.881393   4.070703    .4621789    .643953   -6.097037    9.859823 |
 45. |      3   2007    9.539498   3.477825    2.742949    .006089    2.723086    16.35591 |
     |-------------------------------------------------------------------------------------|
 46. |      3   2008      .23687   3.801766    .0623053   .9503198   -7.214455    7.688195 |
 47. |      3   2009    5.076685   7.107914      .71423    .475085    -8.85457    19.00794 |
 48. |      3   2010    .7328977   10.39744    .0704883    .943805   -19.64572    21.11151 |
 49. |      3   2011   -.5642489   8.939072   -.0631216   .9496697   -18.08451    16.95601 |
 50. |      3   2012    7.076832   6.320172    1.119721   .2628325   -5.310478    19.46414 |
     |-------------------------------------------------------------------------------------|
 51. |      3   2013   -3.184109    5.24742   -.6067952   .5439869   -13.46886    7.100645 |
 52. |      3   2014    8.115542   3.623478     2.23971   .0251097    1.013655    15.21743 |
 53. |      3   2015    9.528208   5.231887     1.82118   .0685795   -.7261016    19.78252 |
 54. |      3   2016    11.37923   3.515461    3.236909   .0012083    4.489049     18.2694 |
 55. |      3   2017    6.832627   1.681716    4.062889   .0000485    3.536524    10.12873 |
     |-------------------------------------------------------------------------------------|
 56. |      3   2018    5.675466   .8668826    6.546984   5.87e-11    3.976407    7.374525 |
 57. |      3   2019   -.1307105   .5350536   -.2442942    .807003   -1.179396    .9179753 |
 58. |      4   2006   -8.029469   7.704256   -1.042212   .2973133   -23.12953    7.070595 |
 59. |      4   2007    42.06502    11.8977     3.53556   .0004069    18.74596    65.38408 |
 60. |      4   2008    23.72015   15.22756    1.557712   .1193015   -6.125311    53.56561 |
     |-------------------------------------------------------------------------------------|
 61. |      4   2009     44.6867   12.56359    3.556841   .0003753    20.06251    69.31088 |
 62. |      4   2010    2.210083    14.8024    .1493057   .8813124   -26.80209    31.22226 |
 63. |      4   2011    8.548967   21.61936     .395431   .6925248    -33.8242    50.92214 |
 64. |      4   2012    12.35793   23.25605    .5313854   .5951518    -33.2231    57.93895 |
 65. |      4   2013    5.848045   21.78322    .2684656   .7883409   -36.84628    48.54237 |
     |-------------------------------------------------------------------------------------|
 66. |      4   2014     9.12297    20.2893    .4496443    .652967   -30.64334    48.88928 |
 67. |      4   2015    3.796976   11.23635     .337919   .7354243   -18.22587    25.81982 |
 68. |      4   2016   -3.618042   11.12705   -.3251574    .745062   -25.42665    18.19057 |
 69. |      4   2017   -4.704206   10.41023    -.451883   .6513533   -25.10789    15.69947 |
 70. |      4   2018    -3.88989    7.44804   -.5222703   .6014822   -18.48778      10.708 |
     |-------------------------------------------------------------------------------------|
 71. |      4   2019   -1.418956   5.941831   -.2388079   .8112545   -13.06473    10.22682 |
 72. |      5   2010    12.31534   3.661392    3.363568   .0007694    5.139146    19.49154 |
 73. |      5   2011    17.28113   3.170341    5.450874   5.01e-08    11.06737    23.49488 |
 74. |      5   2012    21.66122   3.136501    6.906173   4.98e-12    15.51379    27.80865 |
 75. |      5   2013     13.5772   2.911595    4.663147   3.11e-06    7.870575    19.28382 |
     |-------------------------------------------------------------------------------------|
 76. |      5   2014    13.62525   2.661233    5.119902   3.06e-07     8.40933    18.84117 |
 77. |      5   2015    14.68022   2.421886    6.061483   1.35e-09    9.933413    19.42703 |
 78. |      5   2016    9.834707   1.569505    6.266119   3.70e-10    6.758533    12.91088 |
 79. |      5   2017   -1.805896   1.305317   -1.383492   .1665139    -4.36427    .7524781 |
 80. |      5   2018   -4.400614   1.047258   -4.202035   .0000265   -6.453201   -2.348026 |
     |-------------------------------------------------------------------------------------|
 81. |      5   2019   -2.457408   1.023624   -2.400694    .016364   -4.463675   -.4511417 |
 82. |      6   2011    29.06063    22.6012    1.285801   .1985127    -15.2369    73.35816 |
 83. |      6   2012    55.69473   32.50171    1.713594   .0866033   -8.007447    119.3969 |
 84. |      6   2013    23.00923   17.78064    1.294061   .1956445   -11.84019    57.85865 |
 85. |      6   2014    31.97369   20.77052    1.539379   .1237119   -8.735777    72.68316 |
     |-------------------------------------------------------------------------------------|
 86. |      6   2015    9.795678   6.712163    1.459392   .1444572    -3.35992    22.95128 |
 87. |      6   2016    12.17079   9.260527    1.314265   .1887569    -5.97951    30.32109 |
 88. |      6   2017     6.94432    7.50142    .9257341   .3545842   -7.758193    21.64683 |
 89. |      6   2018    2.981815   6.296981    .4735308   .6358345   -9.360042    15.32367 |
 90. |      6   2019   -2.950583   4.427117   -.6664796   .5051045   -11.62757    5.726407 |
     |-------------------------------------------------------------------------------------|
 91. |      7   2012    -9.22367   4.911336   -1.878037   .0603761   -18.84971    .4023711 |
 92. |      7   2013    2.411362   3.286475    .7337227   .4631177   -4.030012    8.852736 |
 93. |      7   2014   -11.33932   4.001856   -2.833514   .0046039   -19.18281   -3.495822 |
 94. |      7   2015   -11.70137   2.772187    -4.22099   .0000243   -17.13476   -6.267987 |
 95. |      7   2016   -11.75661   2.595404   -4.529781   5.90e-06   -16.84351   -6.669715 |
     |-------------------------------------------------------------------------------------|
 96. |      7   2017   -2.212834   1.813688   -1.220074   .2224369   -5.767598     1.34193 |
 97. |      7   2018   -3.132096   1.987411   -1.575968   .1150332   -7.027349    .7631581 |
 98. |      7   2019   -2.548798   1.172694   -2.173455   .0297461   -4.847236   -.2503597 |
 99. |      8   2013   -10.27105   4.054591   -2.533191   .0113029   -18.21791   -2.324202 |
100. |      8   2014    -7.84726    4.02227   -1.950953   .0510626   -15.73076    .0362444 |
     |-------------------------------------------------------------------------------------|
101. |      8   2015   -7.748652   4.740564   -1.634542    .102145   -17.03999    1.542682 |
102. |      8   2016   -4.084658   4.013164   -1.017815   .3087659   -11.95032    3.780999 |
103. |      8   2017   -1.724996   2.600134    -.663426   .5070577   -6.821165    3.371172 |
104. |      8   2018   -2.122732    2.03811    -1.04152   .2976345   -6.117354    1.871891 |
105. |      8   2019    .8587969   1.146783    .7488748   .4539326   -1.388856     3.10645 |
     |-------------------------------------------------------------------------------------|
106. |      9   2014    44.06195   5.936179    7.422611   1.15e-13    32.42725    55.69664 |
107. |      9   2015    29.75886   7.197848    4.134411   .0000356    15.65134    43.86639 |
108. |      9   2016    17.64117   6.429315    2.743865   .0060721    5.039945     30.2424 |
109. |      9   2017    14.44002   4.245986    3.400863   .0006717    6.118036      22.762 |
110. |      9   2018     19.9249   2.911874    6.842638   7.77e-12    14.21773    25.63207 |
     |-------------------------------------------------------------------------------------|
111. |      9   2019    9.725544   1.707468    5.695885   1.23e-08    6.378968    13.07212 |
112. |     10   2015   -286.8557   179.2999   -1.599866   .1096284    -638.277     64.5656 |
113. |     10   2016   -203.1913   140.3848   -1.447388   .1477883   -478.3405    71.95788 |
114. |     10   2017    -128.461   110.3659   -1.163955   .2444423   -344.7742     87.8523 |
115. |     10   2018   -84.95589   62.38855   -1.361722   .1732855   -207.2352    37.32342 |
     |-------------------------------------------------------------------------------------|
116. |     10   2019   -32.19531   26.91048   -1.196386   .2315462   -84.93889    20.54827 |
117. |     11   2016   -5.052151   5.998179   -.8422808   .3996308   -16.80837    6.704064 |
118. |     11   2017   -.9970701   9.885159   -.1008654   .9196573   -20.37163    18.37749 |
119. |     11   2018   -8.635117   4.132147   -2.089741   .0366411   -16.73398   -.5362562 |
120. |     11   2019   -4.143993   2.177399   -1.903185   .0570164   -8.411616    .1236298 |
     |-------------------------------------------------------------------------------------|
121. |     12   2018    .7635837   4.875278    .1566236   .8755415   -8.791785    10.31895 |
122. |     12   2019   -4.102159   3.537655    -1.15957   .2462238   -11.03584    2.831517 |
123. |     13   2019   -27.87452   9.142395   -3.048929   .0022966   -45.79328    -9.95575 |
     +-------------------------------------------------------------------------------------+

. 
end of do-file

. do "/var/folders/tx/9m9gq4210pj2kq5_gq_p7b0w0000gn/T//SD53382.000000"

. use EyDx_mlp, clear

. list

     +-------------------------------------------------------------------------------------+
     | cohort   time           b         se           z     pvalue          ll          ul |
     |-------------------------------------------------------------------------------------|
  1. |      1   1998    .4388402   1.491349    .2942572   .7685614    -2.48415    3.361831 |
  2. |      1   1999    -.174332   1.851694   -.0941473   .9249921   -3.803585    3.454921 |
  3. |      1   2000   -.5320269   1.559129   -.3412335   .7329278   -3.587863    2.523809 |
  4. |      1   2001   -.0757707   1.670788   -.0453503   .9638281   -3.350456    3.198914 |
  5. |      1   2002   -.9879844    1.55287   -.6362313   .5246257   -4.031553    2.055584 |
     |-------------------------------------------------------------------------------------|
  6. |      1   2003   -.6126993   1.906449   -.3213825   .7479206   -4.349271    3.123872 |
  7. |      1   2004    .1542344   1.849769    .0833803   .9335491   -3.471247    3.779716 |
  8. |      1   2005    .2328009   1.863163    .1249493   .9005637   -3.418932    3.884533 |
  9. |      1   2006    .7869096   1.898397    .4145127   .6784987    -2.93388    4.507699 |
 10. |      1   2007   -.2727329   1.682715   -.1620791   .8712435   -3.570794    3.025328 |
     |-------------------------------------------------------------------------------------|
 11. |      1   2008   -.0356398   1.476871    -.024132   .9807473   -2.930253    2.858973 |
 12. |      1   2009   -.1431598    1.96554   -.0728348   .9419376   -3.995548    3.709229 |
 13. |      1   2010    .1816913   1.966222    .0924063   .9263752   -3.672032    4.035415 |
 14. |      1   2011    .4600095   2.069772    .2222513   .8241183   -3.596669    4.516688 |
 15. |      1   2012    .4460815   1.947408    .2290642    .818819   -3.370769    4.262931 |
     |-------------------------------------------------------------------------------------|
 16. |      1   2013    .1691722   1.955684    .0865028   .9310667   -3.663898    4.002243 |
 17. |      1   2014      .16717   1.960216    .0852814   .9320377   -3.674783    4.009123 |
 18. |      1   2015   -.3550355   1.817037   -.1953926   .8450856   -3.916362    3.206291 |
 19. |      1   2016   -.1582126   1.758279   -.0899815   .9283019   -3.604377    3.287952 |
 20. |      1   2017   -.7765574   2.076251   -.3740191   .7083901   -4.845934    3.292819 |
     |-------------------------------------------------------------------------------------|
 21. |      1   2018   -.5779377   2.032388   -.2843638   .7761316   -4.561346    3.405471 |
 22. |      1   2019   -.3480949   1.809189   -.1924038   .8474259    -3.89404     3.19785 |
 23. |      2   2000    1.445013   .2509824     5.75743   8.54e-09     .953097     1.93693 |
 24. |      2   2001    .6070265   .1392155    4.360338    .000013    .3341691    .8798837 |
 25. |      2   2002   -.3837348   .1960462    -1.95737    .050304   -.7679783    .0005086 |
     |-------------------------------------------------------------------------------------|
 26. |      2   2003     .554836   .1438069    3.858202   .0001142    .2729796    .8366923 |
 27. |      2   2004    1.065491   .1970913    5.406076   6.44e-08    .6791987    1.451783 |
 28. |      2   2005   -1.388864   .1805266   -7.693401   1.43e-14   -1.742689   -1.035038 |
 29. |      2   2006   -.0760091    .154057   -.4933829    .621742   -.3779553    .2259371 |
 30. |      2   2007   -.2389879    .209224   -1.142258   .2533467   -.6490595    .1710837 |
     |-------------------------------------------------------------------------------------|
 31. |      2   2008    .4073845   .1807668    2.253646   .0242184     .053088     .761681 |
 32. |      2   2009   -.3108078    .240806   -1.290698   .1968086   -.7827789    .1611634 |
 33. |      2   2010   -.9488716   .3272932   -2.899148   .0037418   -1.590355   -.3073887 |
 34. |      2   2011   -1.921004   .4486144   -4.282083   .0000185   -2.800272   -1.041736 |
 35. |      2   2012   -1.203827   .4011076   -3.001257   .0026887   -1.989983   -.4176704 |
     |-------------------------------------------------------------------------------------|
 36. |      2   2013    -1.63405   .3918698    -4.16988   .0000305   -2.402101   -.8659996 |
 37. |      2   2014   -1.170362   .4126773   -2.836023   .0045679   -1.979195   -.3615298 |
 38. |      2   2015     -1.2104   .3257598   -3.715621   .0002027   -1.848877   -.5719225 |
 39. |      2   2016   -.2462469   .2784871   -.8842306   .3765717   -.7920716    .2995779 |
 40. |      2   2017    .7532886   .2332039    3.230171   .0012372    .2962173     1.21036 |
     |-------------------------------------------------------------------------------------|
 41. |      2   2018   -1.139256   .2221644   -5.127988   2.93e-07   -1.574691   -.7038221 |
 42. |      2   2019    1.024547   .2421215    4.231539   .0000232    .5499972    1.499096 |
 43. |      3   2005    2.477082   .3567648    6.943179   3.83e-12    1.777836    3.176328 |
 44. |      3   2006   -14.93614   1.041821   -14.33656          0   -16.97807   -12.89421 |
 45. |      3   2007     1.36467   .2309703    5.908421   3.45e-09    .9119762    1.817363 |
     |-------------------------------------------------------------------------------------|
 46. |      3   2008   -15.38332   1.030685   -14.92533          0   -17.40342   -13.36321 |
 47. |      3   2009   -13.78121   1.103701   -12.48635   8.86e-36   -15.94442   -11.61799 |
 48. |      3   2010    3.578379   .7230924    4.948716   7.47e-07    2.161144    4.995614 |
 49. |      3   2011   -12.27041   1.234901   -9.936351   2.89e-23   -14.69078   -9.850052 |
 50. |      3   2012    3.769433   .7120495    5.293779   1.20e-07    2.373842    5.165024 |
     |-------------------------------------------------------------------------------------|
 51. |      3   2013   -13.04921   1.168121   -11.17111   5.65e-29   -15.33868   -10.75973 |
 52. |      3   2014    2.696124   .5212056     5.17286   2.31e-07     1.67458    3.717668 |
 53. |      3   2015    3.485002   .4575817    7.616132   2.61e-14    2.588159    4.381846 |
 54. |      3   2016    1.704455   .3791595    4.495351   6.95e-06    .9613162    2.447594 |
 55. |      3   2017    2.369346    .202648    11.69193   1.40e-31    1.972163    2.766528 |
     |-------------------------------------------------------------------------------------|
 56. |      3   2018    .5556989   .2123231    2.617233   .0088646    .1395533    .9718444 |
 57. |      3   2019    -15.5485    1.07075   -14.52114          0   -17.64713   -13.44987 |
 58. |      4   2006   -2.390328   .1101722   -21.69629          0   -2.606262   -2.174394 |
 59. |      4   2007   -1.657848   .1508224   -10.99206   4.17e-28   -1.953455   -1.362242 |
 60. |      4   2008   -1.520288   .1487782   -10.21849   1.64e-24   -1.811888   -1.228688 |
     |-------------------------------------------------------------------------------------|
 61. |      4   2009   -1.119152   .1622291   -6.898586   5.25e-12   -1.437115   -.8011883 |
 62. |      4   2010   -3.126921    .204233   -15.31056          0    -3.52721   -2.726632 |
 63. |      4   2011   -3.440703   .2636575    -13.0499   6.36e-39   -3.957462   -2.923944 |
 64. |      4   2012   -3.231797   .2420565   -13.35141          0   -3.706219   -2.757375 |
 65. |      4   2013    -2.98423   .2692806   -11.08223   1.53e-28   -3.512011    -2.45645 |
     |-------------------------------------------------------------------------------------|
 66. |      4   2014   -1.533307   .2456857    -6.24093   4.35e-10   -2.014842   -1.051772 |
 67. |      4   2015   -2.267154    .164852   -13.75266          0   -2.590258    -1.94405 |
 68. |      4   2016   -.9266744   .1554239    -5.96224   2.49e-09     -1.2313   -.6220493 |
 69. |      4   2017   -.8963916   .2012578   -4.453946   8.43e-06    -1.29085   -.5019335 |
 70. |      4   2018   -.8094466   .1944519   -4.162709   .0000314   -1.190565   -.4283279 |
     |-------------------------------------------------------------------------------------|
 71. |      4   2019   -.2677491   .3575782   -.7487847    .453987   -.9685894    .4330913 |
 72. |      5   2010    2.078013   .2576226    8.066112   7.26e-16    1.573082    2.582944 |
 73. |      5   2011    2.409085   .2901748    8.302185   1.02e-16    1.840353    2.977817 |
 74. |      5   2012   -14.08666   1.047982    -13.4417          0   -16.14067   -12.03265 |
 75. |      5   2013    2.668067   .2454767    10.86892   1.62e-27    2.186942    3.149193 |
     |-------------------------------------------------------------------------------------|
 76. |      5   2014   -14.38986   1.039709   -13.84028          0   -16.42765   -12.35207 |
 77. |      5   2015   -14.91216   1.021137   -14.60348          0   -16.91355   -12.91077 |
 78. |      5   2016    1.758706   .1313606    13.38839          0    1.501244    2.016168 |
 79. |      5   2017    1.298638   .1740967    7.459288   8.70e-14    .9574144    1.639861 |
 80. |      5   2018   -14.97958    1.03558   -14.46492          0   -17.00928   -12.94988 |
     |-------------------------------------------------------------------------------------|
 81. |      5   2019   -14.10881   1.094346   -12.89245   4.96e-38   -16.25368   -11.96393 |
 82. |      6   2011    .2182896   .5641624    .3869268   .6988104   -.8874485    1.324028 |
 83. |      6   2012    .0679345   .6070933    .1119012   .9109017   -1.121947    1.257816 |
 84. |      6   2013   -.2393823   .3083181   -.7764131   .4375051   -.8436747    .3649102 |
 85. |      6   2014    .0059492   .3397589    .0175102   .9860296   -.6599659    .6718644 |
     |-------------------------------------------------------------------------------------|
 86. |      6   2015    .1004533   .4173808    .2406753   .8098068   -.7175981    .9185047 |
 87. |      6   2016   -.1376329   .4686021   -.2937095   .7689799   -1.056076    .7808104 |
 88. |      6   2017   -.5626152   .3902945   -1.441514   .1494394   -1.327578     .202348 |
 89. |      6   2018   -.3138002   .4123534   -.7609984    .446658   -1.121998    .4943975 |
 90. |      6   2019     -.50358   .6287267   -.8009522   .4231593   -1.735862    .7287016 |
     |-------------------------------------------------------------------------------------|
 91. |      7   2012   -15.25089   1.075698   -14.17768          0   -17.35922   -13.14256 |
 92. |      7   2013   -15.62814   1.037024   -15.07019          0   -17.66067   -13.59561 |
 93. |      7   2014   -15.34885   1.043905    -14.7033          0   -17.39487   -13.30284 |
 94. |      7   2015   -15.17408   1.027156    -14.7729          0   -17.18726   -13.16089 |
 95. |      7   2016    2.118443   .1927141    10.99267   4.14e-28     1.74073    2.496156 |
     |-------------------------------------------------------------------------------------|
 96. |      7   2017    1.949564   .2352431    8.287447   1.16e-16    1.488496    2.410632 |
 97. |      7   2018   -14.54164   1.041341   -13.96434          0   -16.58264   -12.50065 |
 98. |      7   2019   -13.57219   1.066168   -12.72987   4.03e-37   -15.66184   -11.48254 |
 99. |      8   2013   -.2716231   .1234804   -2.199727   .0278263   -.5136402    -.029606 |
100. |      8   2014   -.2405198   .1619331   -1.485304   .1374634   -.5579028    .0768632 |
     |-------------------------------------------------------------------------------------|
101. |      8   2015    .2979875   .2097403    1.420745   .1553909   -.1130959    .7090709 |
102. |      8   2016   -16.72461   1.029401   -16.24694          0    -18.7422   -14.70702 |
103. |      8   2017   -16.49187   1.026046   -16.07323          0   -18.50289   -14.48086 |
104. |      8   2018       .2284   .2464536    .9267467   .3540581   -.2546401    .7114401 |
105. |      8   2019   -15.31012   1.046174   -14.63439          0   -17.36058   -13.25966 |
     |-------------------------------------------------------------------------------------|
106. |      9   2014     1.60633   .2099977    7.649276   2.02e-14    1.194742    2.017918 |
107. |      9   2015     1.35235   .2256192    5.993947   2.05e-09     .910144    1.794555 |
108. |      9   2016    .0077628   .2394525     .032419   .9741379   -.4615555    .4770811 |
109. |      9   2017    1.280838   .1957703    6.542554   6.05e-11    .8971351    1.664541 |
110. |      9   2018     .440667   .2503783    1.760005    .078407   -.0500655    .9313995 |
     |-------------------------------------------------------------------------------------|
111. |      9   2019    1.301279   .2913834    4.465866   7.97e-06    .7301781     1.87238 |
112. |     10   2015   -.9435932   .3299922   -2.859441   .0042439   -1.590366   -.2968204 |
113. |     10   2016   -.7537385   .4418333   -1.705934   .0880204   -1.619716    .1122389 |
114. |     10   2017   -.8843794   .8927447   -.9906297   .3218664   -2.634127     .865368 |
115. |     10   2018    .2209015   .5854239     .377336   .7059239   -.9265082    1.368311 |
     |-------------------------------------------------------------------------------------|
116. |     10   2019   -.8967654   1.643782   -.5455502   .5853752   -4.118518    2.324988 |
117. |     11   2016     .215106   .3151636    .6825219    .494909   -.4026032    .8328153 |
118. |     11   2017    .0280036   .4267866    .0656149   .9476845   -.8084828    .8644899 |
119. |     11   2018    -12.8598   5.996824   -2.144436    .031998   -24.61336   -1.106246 |
120. |     11   2019   -17.89952   10.50484   -1.703931    .088394   -38.48862    2.689586 |
     |-------------------------------------------------------------------------------------|
121. |     12   2018    .8141447    .551388    1.476537   .1397998   -.2665559    1.894845 |
122. |     12   2019   -15.95206    .895567   -17.81224          0   -17.70734   -14.19678 |
123. |     13   2019   -16.29673   1.036403   -15.72433          0   -18.32804   -14.26542 |
     +-------------------------------------------------------------------------------------+

. use EyDx_mlp_phys, clear

. list

     +-------------------------------------------------------------------------------------+
     | cohort   time           b         se           z     pvalue          ll          ul |
     |-------------------------------------------------------------------------------------|
  1. |      1   1998   -1.784671   2.291813   -.7787156   .4361472   -6.276542      2.7072 |
  2. |      1   1999   -1.730047   2.154793   -.8028832   .4220423   -5.953362    2.493269 |
  3. |      1   2000   -1.817434   2.003805   -.9069913   .3644114   -5.744821    2.109952 |
  4. |      1   2001   -1.743937   2.071028   -.8420638   .3997523   -5.803076    2.315202 |
  5. |      1   2002   -1.677512   2.109469   -.7952294   .4264801   -5.811995    2.456971 |
     |-------------------------------------------------------------------------------------|
  6. |      1   2003   -1.697178   2.145572   -.7910143   .4289356   -5.902422    2.508066 |
  7. |      1   2004   -1.615521   2.133595   -.7571825   .4489405   -5.797291    2.566249 |
  8. |      1   2005   -1.639532   2.291447   -.7155008   .4742996   -6.130687    2.851622 |
  9. |      1   2006    -1.64313   2.267928   -.7245072   .4687544   -6.088187    2.801927 |
 10. |      1   2007   -1.690881   2.140849   -.7898181    .429634   -5.886869    2.505106 |
     |-------------------------------------------------------------------------------------|
 11. |      1   2008    -1.76633   2.083461   -.8477863    .396557   -5.849839    2.317179 |
 12. |      1   2009   -1.594895   2.307699   -.6911194   .4894905   -6.117902    2.928112 |
 13. |      1   2010   -1.450255   2.460626   -.5893846   .5556033   -6.272995    3.372484 |
 14. |      1   2011   -1.588317   2.471131    -.642749   .5203871   -6.431646    3.255012 |
 15. |      1   2012    -1.77839   2.520065   -.7056922   .4803796   -6.717627    3.160846 |
     |-------------------------------------------------------------------------------------|
 16. |      1   2013   -1.451743   2.467221   -.5884122   .5562557   -6.287407    3.383922 |
 17. |      1   2014   -1.645591   2.534964   -.6491575   .5162366   -6.614029    3.322847 |
 18. |      1   2015   -1.811406   2.355134   -.7691305   .4418158   -6.427385    2.804573 |
 19. |      1   2016   -1.705894   2.258622   -.7552811   .4500804   -6.132712    2.720923 |
 20. |      1   2017   -1.767605   2.156391   -.8197052   .4123842   -5.994055    2.458844 |
     |-------------------------------------------------------------------------------------|
 21. |      1   2018   -1.801333   2.169109   -.8304485   .4062853   -6.052708    2.450042 |
 22. |      1   2019    -1.94745   2.074503   -.9387553   .3478564   -6.013401      2.1185 |
 23. |      2   2000    .1840247   .0617929    2.978086   .0029005    .0629127    .3051366 |
 24. |      2   2001    .0657821   .0653311    1.006904   .3139811   -.0622645    .1938287 |
 25. |      2   2002   -.1933442   .0826527   -2.339237   .0193232   -.3553405   -.0313479 |
     |-------------------------------------------------------------------------------------|
 26. |      2   2003     .105398   .0888206    1.186639   .2353699   -.0686872    .2794831 |
 27. |      2   2004   -.1418972   .1157055   -1.226365   .2200614   -.3686758    .0848815 |
 28. |      2   2005    .0530308   .1443721      .36732   .7133803   -.2299334    .3359949 |
 29. |      2   2006   -.1033671   .1187787   -.8702495   .3841641   -.3361691    .1294349 |
 30. |      2   2007   -.0530469    .133782   -.3965171   .6917236   -.3152548    .2091611 |
     |-------------------------------------------------------------------------------------|
 31. |      2   2008   -.0145319   .1577426   -.0921242   .9265993   -.3237018     .294638 |
 32. |      2   2009   -.5042238   .2448805   -2.059061   .0394884   -.9841807   -.0242668 |
 33. |      2   2010     -.53545   .2951041   -1.814445   .0696093   -1.113843    .0429434 |
 34. |      2   2011   -.6441151   .3242686   -1.986363    .046993    -1.27967   -.0085604 |
 35. |      2   2012   -.3840931   .2744777    -1.39936   .1617051   -.9220595    .1538734 |
     |-------------------------------------------------------------------------------------|
 36. |      2   2013   -.2851897   .2726585    -1.04596   .2955797   -.8195906    .2492111 |
 37. |      2   2014   -.2863812    .290301   -.9864974   .3238891   -.8553606    .2825983 |
 38. |      2   2015   -.4688567   .2972547    -1.57729   .1147289   -1.051465    .1137518 |
 39. |      2   2016   -.1800632   .2493528   -.7221221   .4702194   -.6687857    .3086593 |
 40. |      2   2017   -.1470273   .2049098   -.7175223   .4730519   -.5486431    .2545884 |
     |-------------------------------------------------------------------------------------|
 41. |      2   2018   -.1234168   .2121536   -.5817335   .5607462   -.5392302    .2923965 |
 42. |      2   2019   -.0292643   .2303157   -.1270617   .8988916   -.4806749    .4221463 |
 43. |      3   2005    .3305428    .294248    1.123348   .2612899   -.2461727    .9072583 |
 44. |      3   2006    .1103974   .2525468    .4371365   .6620123   -.3845852    .6053801 |
 45. |      3   2007    .4805873    .224949    2.136427   .0326446    .0396953    .9214793 |
     |-------------------------------------------------------------------------------------|
 46. |      3   2008    .0132468   .2140257    .0618935   .9506477   -.4062358    .4327295 |
 47. |      3   2009    .2493919   .3965736    .6288664   .5294365   -.5278782    1.026662 |
 48. |      3   2010    .0297542   .4284583    .0694448   .9446356   -.8100087    .8695171 |
 49. |      3   2011   -.0253243   .3961608   -.0639243   .9490305   -.8017852    .7511367 |
 50. |      3   2012    .3327817   .3526258    .9437245   .3453104   -.3583523    1.023916 |
     |-------------------------------------------------------------------------------------|
 51. |      3   2013   -.2353428   .3455863   -.6809957   .4958742   -.9126794    .4419939 |
 52. |      3   2014    .5205008   .3048922    1.707163   .0877917   -.0770769    1.118078 |
 53. |      3   2015    .5058525   .3615231    1.399226   .1617453   -.2027197    1.214425 |
 54. |      3   2016    .6826998   .3025152    2.256746    .024024     .089781    1.275619 |
 55. |      3   2017    .6695181   .2346349    2.853446   .0043248    .2096421    1.129394 |
     |-------------------------------------------------------------------------------------|
 56. |      3   2018    .8382807   .2004569     4.18185   .0000289    .4453925    1.231169 |
 57. |      3   2019   -.0633083   .2511151   -.2521088    .800957   -.5554849    .4288683 |
 58. |      4   2006   -.0674918   .0626212   -1.077778   .2811328   -.1902271    .0552436 |
 59. |      4   2007    .2902004   .0952311    3.047327   .0023089    .1035508    .4768499 |
 60. |      4   2008    .1856426   .1309561    1.417594   .1563092   -.0710266    .4423119 |
     |-------------------------------------------------------------------------------------|
 61. |      4   2009    .3092357   .1018835    3.035189   .0024038    .1095477    .5089236 |
 62. |      4   2010    .0185891   .1256678    .1479223   .8824041   -.2277154    .2648935 |
 63. |      4   2011    .0758752   .1993468     .380619    .703486   -.3148373    .4665877 |
 64. |      4   2012    .1169144   .2333959    .5009272   .6164224   -.3405333     .574362 |
 65. |      4   2013     .062183    .238977    .2602051   .7947056   -.4062032    .5305693 |
     |-------------------------------------------------------------------------------------|
 66. |      4   2014    .0966774   .2257452    .4282592   .6684624   -.3457749    .5391299 |
 67. |      4   2015    .0357901   .1078313     .331908   .7399588   -.1755554    .2471356 |
 68. |      4   2016   -.0398476   .1201391   -.3316788   .7401319   -.2753159    .1956207 |
 69. |      4   2017   -.0731336   .1560656   -.4686083   .6393496   -.3790166    .2327493 |
 70. |      4   2018   -.0928045   .1696983   -.5468796   .5844615   -.4254071     .239798 |
     |-------------------------------------------------------------------------------------|
 71. |      4   2019   -.0685441   .2774099   -.2470859   .8048418   -.6122575    .4751694 |
 72. |      5   2010    .7666855   .3426776    2.237338   .0252643    .0950497    1.438321 |
 73. |      5   2011    1.092606   .3636181    3.004818   .0026574     .379928    1.805285 |
 74. |      5   2012     1.28028   .3761341    3.403786   .0006646    .5430707    2.017489 |
 75. |      5   2013    .9600996     .34568    2.777423   .0054792    .2825794     1.63762 |
     |-------------------------------------------------------------------------------------|
 76. |      5   2014    .9658214   .3177687    3.039385   .0023706    .3430062    1.588637 |
 77. |      5   2015    .8315451   .2139518    3.886601   .0001017    .4122074    1.250883 |
 78. |      5   2016    .5924554    .129015    4.592144   4.39e-06    .3395906    .8453201 |
 79. |      5   2017   -.2295114   .1482321   -1.548324   .1215444    -.520041    .0610183 |
 80. |      5   2018   -1.163247   .1636183   -7.109513   1.16e-12   -1.483933   -.8425606 |
     |-------------------------------------------------------------------------------------|
 81. |      5   2019   -1.240519   .2960669   -4.189996   .0000279     -1.8208   -.6602387 |
 82. |      6   2011    .3990735    .336264    1.186787   .2353119   -.2599917    1.058139 |
 83. |      6   2012    .7310294   .3817191    1.915098     .05548   -.0171263    1.479185 |
 84. |      6   2013    .3356531   .3553125    .9446701   .3448273   -.3607466    1.032053 |
 85. |      6   2014    .4046717   .2663481    1.519334   .1286785    -.117361    .9267045 |
     |-------------------------------------------------------------------------------------|
 86. |      6   2015    .1838354   .1207516    1.522426   .1279024   -.0528334    .4205043 |
 87. |      6   2016    .0372614   .1613931    .2308738   .8174129   -.2790632     .353586 |
 88. |      6   2017    .0448222    .218927    .2047358   .8377786   -.3842669    .4739113 |
 89. |      6   2018   -.1737094   .3894311   -.4460594   .6555544   -.9369802    .5895615 |
 90. |      6   2019   -.7664684   .6614033   -1.158852   .2465166   -2.062795    .5298583 |
     |-------------------------------------------------------------------------------------|
 91. |      7   2012   -1.195714   .3714049   -3.219435   .0012844   -1.923654   -.4677738 |
 92. |      7   2013    .1890322   .2835946    .6665577   .5050547   -.3668031    .7448674 |
 93. |      7   2014   -1.897568   .3000046   -6.325132   2.53e-10   -2.485567    -1.30957 |
 94. |      7   2015   -1.589329   .1885665   -8.428476   3.50e-17   -1.958912   -1.219745 |
 95. |      7   2016   -1.928373   .1886659    -10.2211   1.60e-24   -2.298151   -1.558594 |
     |-------------------------------------------------------------------------------------|
 96. |      7   2017   -.2746873   .1968654   -1.395305   .1629239   -.6605365    .1111618 |
 97. |      7   2018   -.5783107   .2786573   -2.075347   .0379544   -1.124469   -.0321524 |
 98. |      7   2019   -1.266609   .3304483   -3.833002   .0001266   -1.914276   -.6189422 |
 99. |      8   2013   -.3562473   .1183095   -3.011147   .0026026   -.5881296   -.1243649 |
100. |      8   2014   -.3457248   .1498205   -2.307593   .0210218   -.6393676    -.052082 |
     |-------------------------------------------------------------------------------------|
101. |      8   2015   -.3420451   .1772263   -1.929991   .0536079   -.6894022     .005312 |
102. |      8   2016   -.2045114   .1817173   -1.125437   .2604038   -.5606707    .1516479 |
103. |      8   2017   -.1161942   .1653503   -.7027155   .4822331    -.440275    .2078865 |
104. |      8   2018    -.235342   .2013399   -1.168879   .2424524   -.6299611     .159277 |
105. |      8   2019    .1544724   .2230573    .6925231   .4886089    -.282712    .5916566 |
     |-------------------------------------------------------------------------------------|
106. |      9   2014    1.017712    .238037    4.275434   .0000191    .5511677    1.484256 |
107. |      9   2015    .6851414   .2380151    2.878562   .0039949    .2186403    1.151643 |
108. |      9   2016    .5447752   .2639419    2.063997    .039018    .0274587    1.062092 |
109. |      9   2017    .5754997    .228771    2.515615   .0118825    .1271168    1.023883 |
110. |      9   2018     .925798   .2227038    4.157082   .0000322    .4893065    1.362289 |
     |-------------------------------------------------------------------------------------|
111. |      9   2019     .936102   .2721301    3.439906   .0005819    .4027367    1.469467 |
112. |     10   2015   -1.307849   .1154819   -11.32514   9.85e-30   -1.534189   -1.081509 |
113. |     10   2016   -1.293534    .140768   -9.189118   3.96e-20   -1.569434   -1.017634 |
114. |     10   2017   -.9268286   .3643371   -2.543876    .010963   -1.640916    -.212741 |
115. |     10   2018   -1.293143   .2844464   -4.546174   5.46e-06   -1.850647    -.735638 |
     |-------------------------------------------------------------------------------------|
116. |     10   2019   -1.149888   .3874412   -2.967903   .0029984   -1.909259   -.3905171 |
117. |     11   2016   -.0534441   .1409113   -.3792752   .7044835   -.3296251    .2227368 |
118. |     11   2017      .03257   .2947914    .1104849   .9120249   -.5452105    .6103505 |
119. |     11   2018   -.4512004   .1972582   -2.287359   .0221749   -.8378194   -.0645814 |
120. |     11   2019   -.5686208   .2375749   -2.393438   .0166913   -1.034259   -.1029826 |
     |-------------------------------------------------------------------------------------|
121. |     12   2018   -.1062493   .2306405   -.4606704   .6450351   -.5582963    .3457978 |
122. |     12   2019   -.8004345   .4199277   -1.906125    .056634   -1.623478    .0226087 |
123. |     13   2019   -1.008745    .208376   -4.840985   1.29e-06   -1.417154   -.6003355 |
     +-------------------------------------------------------------------------------------+

. 
end of do-file

. exit
--Break--
r(1);

. exit
